// Jest Snapshot v1, https://goo.gl/fbAQLP

exports[`AddTodo renders without crashing 1`] = `ShallowWrapper {}`;
