// Jest Snapshot v1, https://goo.gl/fbAQLP

exports[`Link calls onClick() on click 1`] = `ShallowWrapper {}`;

exports[`Link renders a span when active is true 1`] = `ShallowWrapper {}`;

exports[`Link renders without crashing 1`] = `ShallowWrapper {}`;
